­ƒº¬ Starting Local Bootstrap Node Test...
node : (node:16716) [DEP0040] DeprecationWarning: 
The `punycode` module is deprecated. Please use a 
userland alternative instead.
Au caractère Ligne:1 : 1
+ node tests/test-bootstrap-local.js > 
tests/test-output.txt 2>&1
+ ~~~~~~~~~~~~~~~~~~~~~~~~~~~~~~~~~~~~~~~~~~~~~~~~
~~~~~~~~~~~~~~~
    + CategoryInfo          : NotSpecified: ((nod 
   e:16716) [D...native instead.:String) [], Rem  
  oteException
    + FullyQualifiedErrorId : NativeCommandError
 
(Use `node --trace-deprecation ...` to show where 
the warning was created)
[Node Error]: (node:16348) [DEP0040] 
DeprecationWarning: The `punycode` module is 
deprecated. Please use a userland alternative 
instead.
(Use `node --trace-deprecation ...` to show where 
the warning was created)

[Node]: [Bootstrap] No existing index found on disk (fresh start)
[Bootstrap] Starting FRW Bootstrap Node: test-bootstrap
[Bootstrap] IPFS: http://localhost:5001

[Node]: [Bootstrap] HTTP: 3200

[Node]: [Bootstrap] Ô£ô Connected to IPFS 0.25.0

[Node]: [Bootstrap] Ô£ô Subscribed to V2 pubsub: frw/names/updates/v2

[Node]: [Discovery] Service started. Tracking 9 nodes.

[Node]: [Bootstrap] ­ƒöä Requesting sync from network...

[Node]: [Bootstrap] Publishing index (0 names)...

[Node]: [Bootstrap] Ô£ô HTTP server listening on port 3200

Ô£à Bootstrap Node Started
[Node]: [Bootstrap] ­ƒôÑ Synced 1 names from http://83.228.214.189:3100

[Node]: [Bootstrap] Ô£ô Index published to IPFS: QmUxSux6Dysce3zkF4kazZTfyR4znUN5KBfMtPKKfCa8Qt

[Node]: [Bootstrap] Access via: http://localhost:8080/ipfs/QmUxSux6Dysce3zkF4kazZTfyR4znUN5KBfMtPKKfCa8Qt

[Node]: [Bootstrap] Ô£ô Bootstrap node ready!

[Node]: [Bootstrap] Node ID: test-bootstrap
[Bootstrap] API: http://localhost:3200

[Node]: [Bootstrap] ­ƒôÑ Synced 1 names from http://83.228.213.45:3100

Ô£à Health Check Passed
Generating Test Record...
Submitting local-test-v2-1764876900780 to /api/submit/v2...
[Node]: [PoW] Verification passed!

[Node]: [V2] Ô£ô Added record: local-test-v2-1764876900780 (PQ: true)

[Node]: [V2] ­ƒôí Broadcasted local-test-v2-1764876900780 via pubsub

Ô£à Submission Accepted
Resolving local-test-v2-1764876900780...
[Node Error]: [Bootstrap] Error handling V2 
pubsub message: SyntaxError: Unexpected 
non-whitespace character after JSON at position 3 
(line 1 column 4)
    at JSON.parse (<anonymous>)
    at BootstrapIndexNode.handleV2PubsubMessage (f
ile:///C:/Projects/FRW%20-%20Free%20Web%20Modern/a
pps/bootstrap-node/dist/index.js:242:31)
    at file:///C:/Projects/FRW%20-%20Free%20Web%20
Modern/apps/bootstrap-node/dist/index.js:229:22
    at onMessage (file:///C:/Projects/FRW%20-%20Fr
ee%20Web%20Modern/node_modules/ipfs-http-client/sr
c/pubsub/subscribe.js:72:17)
    at readMessages (file:///C:/Projects/FRW%20-%2
0Free%20Web%20Modern/node_modules/ipfs-http-client
/src/pubsub/subscribe.js:111:11)
    at process.processTicksAndRejections 
(node:internal/process/task_queues:105:5)

ÔØî Resolution Failed. Status: 200
Response Body: {
  "version": 2,
  "name": "local-test-v2-1764876900780",
  "publicKey_dilithium3": "n3UHf+4OplYqGV6X2u88/pP
rbR1GRZNfEBHKTfIr5EvfE0ZJlboseSybAs/SK/2mVdMmJsaZu
JZERiBDzQAXYJOH9s8Be+bB8+BhQx2EsObi6wLI09j1Zj55Q5t
GbyyIW7kclfjaOl3GSKK90nbv4XMwU9RGL/J5DLj98qAmaJLHs
9YqJiaolqKZWFdkQhSKMBfOq9/Tx1x+ACRVb6YYMQoqHfF3JN/
ch6n5uOfBOVEBwm25Dtx3Nza+B7CjmCteXBDdqbT+la2oOB9d+
tf62v2GphBKJnloqQDGoYv0sYbaq5rpWzR5fuVmV+tWRSA1nL6
Ag00pfrnpXfPirXcL2Wug+gDDqgv3D8xQI5Mgj8z1ycTQR6zEY
ILS2p8563Bt4CocMnYQX2qyVMYkIfPlbNccdPfiIL2d3P7ILCk
3jkVskCYKBmq9uxJV85B6q/GYouV1p3TtBXnqBWfAtsFjjJ0lt
CxyHygyhayR24WVVkaf6w6EGqC9NAL1yCw1CGBXSaufmyoIqir
uQD1KhU9Bdubjg5aX7TM4yKwIJz7cqtnSWFQ/4VZJHgCgEeaPb
25PPJRobN7R+Lx63R9iCT0fduxF+hQlNfzht3wfPK+OthGlvXf
E4iwU5KjJ/a+04ADe/LIy/33snG4nASwN43lPaJr07rO1XVyDn
IpcEv4+uCYPf5YfYy38k/duAZjNFUM8BMj77BHyrloY8Jcg3Kx
2NH/pmbq+TD6nzd4rvdTOlcAghkavM9dclSrjkuLqVIY+YYx1f
fLWlLFi2Fr3hA3cZzvVQELH4TJBmukJ4uNfl2YdBjs6pWTJZsT
eMC3mQ2bXm5C+kIY+Oq+fcS55QECdtpkUJpDSSgGMrEVvAtUVQ
c1qjgi16TW2KpbAGUu9avOLyzS+1YS1eVs2SbNI6KchCYiZdjY
HkF3zlowDgXdfGXp+6s2NZLtWnQYj6zWdgLWeG545xi6c4QfcC
yUdpw1NehPvt8ERSYkk80BLtSqFshKAW3+/k3mv6FOFoRGzxgB
TkPcwZeI58cipg+ivyFhnAA85zH2emCC2DnU4wuwPwcHP4yXRm
ATvIp3vjD/9x05ETY8cuz9iwHL0plN3O8OqcTnco/MyFSMFoOD
CqgzosGcPDd6tLCVtyI08T3ouVC9axAGILA7wZhnrw440Ung0J
lzjpN1Ffx4PMUMCvpMwp26YyrTZMz0IgMZ8yYRrRFbsenygvSf
ZaqVcepess+bGXN+5BAgKGgvPb0M/Mw0d6MIet19k2/RPeRXJL
0Dz+wbgzOo8KcJuu3qafXb4ZrdDS5lrRF5mYdYjNkH8tuTWSnk
0HP5sv6HlPWb6YhVfU8HQd4jzAR6meo5MY7RfDoQTq9dqQ59hU
dWvuNkN6RffIKptv0anmnpoj3LuiV70xZiF0L3hf//xLBYBroW
086rVNMsj+jOB2XEGrH++eHQUNTBAA42/xm9T6faZ1jLWh3A9n
eVcTriafeme3UKvsRxYdLT+a3WpG/htb3dV9CEyAO2glS6It4+
I1oLmBHCWIEz15IGELjX1EhEtF1ydcAZg3YgQnWZQIZhQKdvHi
ww7SyZFSsiYInlCcS0cuQZy0PRXuzN7XPtKMelwLSR6Ii2h041
WZ/pCL8C88qavc9L6A8oRpLmPj1Z671p6tDg/L6Juo1RvTK5Xs
hRRBgH/MfAFZo5Gxez5Slz3PUvniEsRz3g4TugOMJWWioZVwq7
GxaGY+7VlUtZ1BPFVyjtY5Cgl/ENr6KpTpPvLWi/LZc++Xg5zq
IpDPoCrPMCkYVTONT+9junHoYCJuYCpXH34NaN9DAFP4y9YPd2
hl+WpQgiZQuMKC4tI22Ko0yr3cWKv1ekmFO7IcDBj3ezyTNPtw
/jjqjO0zjB+aeFGiYRuwyLe8i3OURGKzTpGSsL2PI08yYGLyG6
bfRynJwJORBFaLMSJUEeb6wBzNAPRp4kZKakvInsOVyIGLHkad
uFhPxfYQelaF5/6KQmzM8fuR4o/1PGjqcn5FizVZkm6hXg2ZdZ
WZ18HIhBc6r6P5Vly/WKRZNBNQayE5bu2rzfxLFmQqVv3n2rpQ
qtXC6BNqwz8GsSDOr3aWu137S7uR2xSBOahkpKOV4/eFxrGDdi
9UNP1U8yvSmKske9QwG2979fDAaivRV08XyThHCfdhnmEL1jF2
HP70/TzgtWj+1HREZqhVeg3mjVt5Y1CLrCC8Nvd+0qcRINLSi9
3p3DuuE8xe+k0Vf6y7HOVLj7UGZOViGgMURrOEC8p8maH7q3+b
ddxRjBOHx0XkC/uVap85IbQKSyFoZ9mpbrpAs9P8nJzmCpjxMe
/rk7mPwubSIrmBlqJ8ZJRx6I7yqC7iwzTyCiZrdx3awmGbNO2Q
BbkkNiuHx7M6SROhl1lS8MGDHArqAq9mlL63QiQNaq4T4nOMR8
dFih3fQitiliLtogudTXtPdEQstHM/UiFGwbNssuY+n6AQ5c9/
5AC2WF8vjmHn5FfCRP/27kS0tv+vlxLONsiIBP6AC9V+4YxTN2
LI8sj6q/UJilSJz/+nltayg9UtcwlL9/c5YtjYBWkhla/8FSDf
xOZSWCICumhVrjtoNpHpi3pwZK5YNI=",
  "did": "did:frw:v2:Evvf247wz1Uehq7pL5hwiuEwemo4t
3ojSBGDSoPLitBJ",
  "contentCID": "",
  "ipnsKey": "",
  "timestamp": 1764876900792,
  "pqSecure": true,
  "recordData": "uQASZ3ZlcnNpb24CZG5hbWV4G2xvY2FsL
XRlc3QtdjItMTc2NDg3NjkwMDc4MHFwdWJsaWNLZXlfZWQyNTU
xOZggARg+GLcSGO0YOxh6GCIYTRjOGBsYMhj/FRi2Ehj3GDsYp
Ri/GNgY9xibGPEYvRhpGBoYXBAY6BiiGCN0cHVibGljS2V5X2R
pbGl0aGl1bTOZB6AYnxh1Bxh/GO4OGKYYVhgqGBkYXhiXGNoY7
xg8GP4YkxjrGG0YHRhGGEUYkxhfEBEYyhhNGPIYKxjkGEsY3xM
YRhhJGJUYuhgsGHkYLBibAhjPGNIYKxj9GKYYVRjTGCYYJhjGG
JkYuBiWGEQYRhggGEMYzQAXGGAYkxiHGPYYzwEYexjmGMEY8xj
gGGEYQxgdGIQYsBjmGOIY6wIYyBjTGNgY9RhmGD4YeRhDGJsYR
hhvGCwYiBhbGLkYHBiVGPgY2hg6GF0YxhhIGKIYvRjSGHYY7xj
hGHMYMBhTGNQYRhgvGPIYeQwYuBj9GPIYoBgmGGgYkhjHGLMY1
hgqGCYYJhioGJYYohiZGFgYVxhkGEIUGIoYMBcYzhirGN8Y0xj
HGFwYfgAYJBhVGG8YphgYGDEKGCoYHRjxGHcYJBjfGNwYhxipG
PkYuBjnGMEYORhRARjCGG0YuQ4Y3Bh3GDcYNhi+BxiwGKMYmBg
rGF4YXBAY3RipGLQY/hiVGK0YqBg4GB8YXRj6GNcY+hjaGP0Yh
himEBhKGCYYeRhoGKkAGMYYoRiLGPQYsRiGGNoYqxiaGOkYWxg
0GHkYfhjlGGYYVxjrGFYYRRggGDUYnBi+GIAYgxhNGCkYfhi5G
OkYXRjzGOIYrRh3CxjZGGsYoBj6ABjDGKoLGPcPGMwYUBgjGJM
YIBiPGMwY9RjJGMQY0BhHGKwYxBhgGIIY0hjaGJ8YORjrGHAYb
RjgGCoYHBgyGHYQGF8YahiyGFQYxhgkGCEY8xjlGGwY1xgcGHQ
Y9xjiGCAYvRidGNwY/hjIGCwYKRg3GI4YRRhsGJAYJgoGGGoYv
Ri7EhhVGPMYkBh6GKsY8RiYGKIY5Rh1GKcYdBjtBRh5GOoFGGc
YwBi2GMEYYxiMGJ0YJRi0GCwYchgfGCgYMhiFGKwYkRjbGIUYl
RhWGEYYnxjrDhiEGBoYoBi9GDQCGPUYyBgsGDUIGGAYVxhJGKs
YnxibGCoIGKoYKhjuGEAYPRhKGIUYTxhBGHYY5hjjGIMYlhiXG
O0YMxg4GMgYrAgYJxg+GNwYqhjZGNIYWBhUGD8Y4RhWGEkYHgA
YoBEY5hiPGG8YbhhPGDwYlBhoGGwY3hjRGPgYvBh6GN0YHxhiC
Rg9GB8YdhjsGEUY+hQYJRg1GPwY4Ri3GHwYHxg8GK8Yjhi2ERi
lGL0YdxjEGOIYLBQY5BioGMkY/RivGLQY4AAY3hj8GLIYMhj/G
H0Y7BicGG4YJwEYLA0Y4xh5GE8YaBiaGPQY7hizGLUYXRhcGIM
YnBiKGFwSGP4YPhi4GCYPGH8YlhgfGGMYLRj8GJMY9xhuARiYG
M0VGEMYPAQYyBj7GOwRGPIYrhhaGBgY8BiXGCAY3BisGHYYNBh
/GOkYmRi6GL4YTBg+GKcYzRjeGCsYvRjUGM4YlRjAGCAYhhhGG
K8YMxjXGFwYlRgqGOMYkhjiGOoYVBiGGD4YYRiMGHUYfRjyGNY
YlBixGGIY2BhaGPcYhA0Y3BhnGDsY1RhAGEIYxxjhGDIYQRiaG
OkJGOIY4xhfGJcYZhgdBhg7GDoYpRhkGMkYZhjEGN4YMBgtGOY
YQxhmGNcYmxiQGL4YkBiGGD4YOhivGJ8YcRguGHkYQBhAGJ0Yt
hiZFBgmGJAY0hhKARiMGKwYRRhvAhjVFRhBGM0YahiOCBi1GOk
YNRi2GCoYlhjAGBkYSxi9GGoY8xiLGMsYNBi+GNUYhBi1GHkYW
xg2GEkYsxhIGOgYpxghCRiIGJkYdhg2BxiQGF0Y8xiWGIwDGIE
YdxhfGBkYehh+GOoYzRiNGGQYuxhWGJ0GGCMY6xg1GJ0YgBi1G
J4YGxieGDkYxhguGJwY4QcY3AsYJRgdGKcNGE0YehMY7xi3GME
RGEkYiRgkGPMYQBhLGLUYKhiFGLISGIAYWxh/GL8Ykxh5GK8Y6
BhTGIUYoREYsxjGABhTGJAY9xgwGGUY4hg5GPEYyBipGIMY6Bi
vGMgYWBhnAA8YORjMGH0YnhiYGCAYtg4YdRg4GMIY7A8YwRjBG
M8Y4xglGNEYmAQY7xgiGJ0Y7xiMGD8Y/RjHGE4YRBhNGI8YHBi
7GD8YYhjAGHIY9BimGFMYdxg7GMMYqhhxGDkY3BijGPMYMhUYI
wUYoBjgGMIYqgwY6BiwGGcPDRjeGK0YLBglGG0YyBiNGDwYTxh
6GC4YVBgvGFoYxAEYiBgsDhjwGGYYGRjrGMMYjhg0GFIYeBg0G
CYYXBjjGKQY3RhFGH8YHg8YMRhDAhi+GJMYMBinGG4YmBjKGLQ
Y2RgzGD0IGIAYxhh8GMkYhBhrGEQYVhjsGHoYfBigGL0YJxjZG
GoYpRhcGHoYlxisGLMY5hjGGFwY3xi5BAgKGBoLGM8YbxhDGD8
YMw0YHRjoGMIYHhi3GF8YZBjbGPQYTxh5FRjJGC8YQBjzGPsGG
OAYzBjqGDwYKRjCGG4Yuxh6GJoYfRh2GPgYZhi3GEMYSxiZGGs
YRBheGGYYYRjWGCMYNhhBGPwYthjkGNYYShh5GDQYHBj+GGwYv
xihGOUYPRhmGPoYYhUYXxhTGMEY0Bh3GIgY8wEYHhimGHoYjhh
MGGMYtBhfDhiEExirGNcYahhDGJ8YYRhRGNUYrxi4GNkNGOkXG
N8YIBiqGG0YvxhGGKcYmhh6GGgYjxhyGO4YiRheGPQYxRiYGIU
Y0Bi9GOEYfxj/GPEYLBYBGK4YhRi0GPMYqhjVGDQYyxgjGPoYM
xiBGNkYcQYYrBh/GL4YeBh0FBg1GDAYQAMYjRi/GMYYbxhTGOk
Y9hiZGNYYMhjWGIcYcBg9GJ0Y5RhcGE4YuBiaGH0Y6RieGN0YQ
hivGLEYHBhYGHQYtBj+GGsYdRipGBsY+BhtGG8YdxhVGPQYIRg
yABjtGKAYlRguGIgYtxiPGIgY1hiCGOYEGHAYlhggGEwY9RjkG
IEYhBguGDUY9RIRGC0XGFwYnRhwBhhgGN0YiBAYnRhmGFAYIRi
YGFAYKRjbGMcYiwwYOxhLGCYYRRhKGMgYmBgiGHkYQhhxGC0YH
Bi5BhhyGNAY9BhXGLsYMxh7GFwY+xhKGDEY6RhwGC0YJBh6GCI
YLRihGNMYjRhWGGcY+hhCGC8YwBi8GPIYphivGHMY0hj6AxjKE
RikGLkYjxiPGFYYehjvGFoYehi0GDgYPxgvGKIYbhijGFQYbxh
MGK4YVxiyFBhRBgEY/xgxGPAFGGYYjhhGGMUY7Bj5GEoYXBj3G
D0YSxjnGIgYSxEYzxh4GDgYThjoDhgwGJUYlhiKGIYYVRjCGK4
YxhjFGKEYmBj7GLUYZRhSGNYYdQQY8RhVGMoYOxhYGOQYKBglG
PwYQxhrGOgYqhhTGKQY+xjLGFoYLxjLGGUYzxi+GF4OGHMYqBi
KGEMYPhiAGKsYPBjAGKQYYRhUGM4YNRg/GL0YjhjpGMcYoRiAG
IkYuRiAGKkYXBh9GPgYNRijGH0MARhPGOMYLxhYGD0Y3RihGJc
Y5RipGEIIGJkYQhjjCgsYixhIGNsYYhioGNMYKhj3GHEYYhivG
NUY6RgmFBjuGMgYcBgwGGMY3RjsGPIYTBjTGO0Ywxj4GOMYqhg
zGLQYzhgwGH4YaRjhGEYYiRiEGG4YwxgiGN4Y8hgtGM4YUREYi
hjNGDoYRhhKGMIY9hg8GI0YPBjJGIEYixjIGG4Ymxh9GBwYpxg
nAhhOGEQRGFoYLBjEGIkYUBhHGJsY6wAYcxg0AxjRGKcYiRgZG
CkYqRgvGCIYew4YVxgiBhgsGHkYGhh2GOEYYRg/FxjYGEEY6Rh
aFxifGPoYKQkYsxgzGMcY7hhHGIoYPxjUGPEYoxipGMkY+RYYL
BjVGGYYSRi6GIUYeBg2GGUY1hhWGGcYXwcYIhAYXBjqGL4Yjxj
lGFkYchj9GGIYkRhkGNAYTRhBGKwYhBjlGLsYthivGDcY8RgsG
FkYkBipGFsY9xifGGoY6RhCGKsYVwsYoBhNGKsMGPwYGhjEGIM
YOhi9GNoYWhjtGHcY7RguGO4YRxhsGFIEGOYYoRiSGJIYjhhXG
I8Y3hcYGhjGDRjYGL0YUBjTGPUYUxjMGK8YShhiGKwYkRjvGFA
YwBhtGL0Y7xjXGMMBGKgYrxhFGF0YPBhfGCQY4RgcGCcY3RiGG
HkYhBgvGFgYxRjYGHMY+xjTGPQY8xiCGNUYoxj7GFEY0REYmhi
hGFUY6Bg3GJoYNRhtGOUYjRhCGC4YsBiCGPAY2xjdGPsYShicG
EQYgxhLGEoYLxh3GKcYcBjuGLgYTxgxGHsY6Rg0GFUY/hiyGOw
YcxiVGC4YPhjUGBkYkxiVGIgYaAwYURgaGM4QGC8YKRjyGGYYh
xjuGK0Y/hhtGNcYcRhGGDAYThgfGB0XGJAYLxjuGFUYqhh8GOQ
YhhjQGCkYLBiFGKEYnxhmGKUYuhjpAhjPGE8Y8hhyGHMYmBgqG
GMYxBjHGL8YrhhOGOYYPwsYmxhIGIoY5gYYWhiJGPEYkhhRGMc
Yohg7GMoYoBi7GIsMGNMYyBgoGJkYrRjcGHcYawkYhhhsGNMYt
hhAFhjkGJAY2BiuGB8YHhjMGOkYJBhOGIYYXRhlGEsYwwYMGHA
YKxioChi9GJoYUhj6GN0IGJAYNRiqGLgYTxiJGM4YMRgfGB0WG
CgYdxh9CBitGIoYWBiLGLYYiBguGHUYNRjtGD0Y0RAYshjRGMw
Y/RhIGIUYGwYYzRiyGMsYmBj6GH4YgBhDGJcYPRj/GJACGNkYY
Rh8GL4YORiHGJ8YkRhfCRMY/xjbGLkSGNIY2xj+GL4YXBhLGDg
Y2xgiGCATGPoAGC8YVRj7GIYYMRhMGN0YixgjGMsYIxjqGK8Y1
BgmGCkYUhgnGD8Y/hieGFsYWhjKDxhUGLUYzBglGC8Y3xjcGOU
YixhjGGAVGKQYhhhWGL8Y8BhUGIMYfxMYmRhJGGAYiAoY6RihG
FYYuBjtGKAY2hhHGKYYLRjpGMEYkhi5GGAY0mNkaWR4N2RpZDp
mcnc6djI6RXZ2ZjI0N3d6MVVlaHE3cEw1aHdpdUV3ZW1vNHQzb
2pTQkdEU29QTGl0QkpqY29udGVudENJRGBnaXBuc0tleWBtcmV
jb3JkVmVyc2lvbgFqcmVnaXN0ZXJlZPtCea6txZuAAGdleHBpc
mVz+0J6JCjYW4AAcXNpZ25hdHVyZV9lZDI1NTE5mEAYmhh1GN4
YOhhUGDEYSA4NGK4Y5xiCGPMMEhi4GB8YahgeGCoYHBjZGDQY1
RhvGOcYMxiEGFkBGEcYuRhxGGYYWhhUGFkYvQcY1BitGOoUGNM
YSxiDGLYYtxhRGCEY4hhuCxjAGKgYhRidGLoY9hh3GF8YdBjtD
3RzaWduYXR1cmVfZGlsaXRoaXVtM5kM7QQYlhgpGJMYTRh4GDk
YdRgcGEkYPxjiBhiJGEUYthhPGF4Y0RikGO0YvREYqRjCGOUYg
RhGDBMY8RiKBhhFGNAYJgQYkRiEGJ0YVRg5GIoYkRg4GEsYehg
aGP8YUxiVGEsYyhibGNoY7hhLGE8YdxjhGKUY6RhZGCEYmxjcG
DkHGH4YfxiaGJ0YbhjAGGMYaxhSGN0YkBh/GE0YPRjAGFAYNBj
WGHkY4Bh+GHcYhxgmGGQYahjQGJ4YmBiTBxh8GHAYyxiUGCwYr
BguGM0YMxj9GMoY1hQY6BjdGGAYHRjUGF8XGDMSGJEY3xjPGHo
YpRhdGH8YmAcY1xiuGBkYJhgmGOgYGxjKGDkYihg+GLAYrhjzG
CkUGEcKGCcY5hiBGIcY9RjlGLUYHwcYiRjVGD4Y8wsYWxiAGKU
YQBiHGBoYzBcYiRipGM8YrRjEGMUY/AcYaxi6GMwYixgvGMIYM
RhQGJEYgxjWGJ0YqBhCGEgYkRhtGMkYNBi9DRj1GM0YVhjZGNQ
YHBj0GEkYGBiHGOcYzRjAGMUY5RhpBxhxGMUYtxigGFwY7xguG
MYYlRg9GC0YeRhkGK0Y8hiTGKMYUhhrExg8GCcYoxhwGCAYrxj
EGFEYgxjsGLcY9hhBGB8YaxiEGPIY5hYKGNEYShgmGMoY/RjDG
HQBGH8YkBiwGDkYoxhaGKQYUhhHGGMYahjwGCwYPhjHGPoYPRh
SGCoAGDAYVBhQGDMYsBg2GMkLGNQYdRhDGPQYZxiaGFQY/xhzG
PcYchjmGJUY9xhyGEsY6xgzGCUYlBiKGNsY5hg7GG8YGxi4GOQ
YkxhuGHYYkRg8GJQY9BgjGOMYpBiZGDMYrRg4GN0YUBiDGCEYp
xjzGMkY5RitGCYYvBhvGP8YohitGMYYVxiGGDQY2Bg/GJsYrxj
TGLgYtxj7GFAYfxgdGLYYnxiZGOQYPxhDERg3GCMYHwQYKxjNG
PsYGBjQGC4Ydxj9GOEYuRiNGN4Ykhi+GHkYnxhBBRhCGKQYzxi
BGD4TGOQYehjmGIsYlRiNGGIYGBjuGKsKBBg/GG8YtxhfGP0Yr
RjhGJsYIxjLGM8YMhiRGNwYUhiPGLcYahjWGNIYWBjcGMQYOhg
2EhjACxiYGMQY1hh5GOkY2xi1GCAYXxhIFBjzGCgYcBgjGB8Yy
xg4GCIYVRhKGLsYdxinGG4YGxh/GNIYzhhzGKEYNBg8GKUY6xh
bGIAYcBhEGP8YqxhWDxigGPAY1BjoGH4YehgYGM8Y4xh8FBijG
FUY6Ri1GHoBGDcYxBgrBxgoGPAYpxjtGEcYWRh9ChjaGGIYhhh
EGFgYRRgrGCoY5BjLGLwYgRhtGMUYcRg7GGcYyhghGLkYzBgaG
OkYLBi2GJoYTxi9GKcYtxgcGHAYNxi1GEEYgBhcGGIMGKgYdBh
cGC0YIwkOGBoHGP4YWhjWGCoYohiSGGoYWBhgGMcYSxhrGGgY9
hiRGGcYghgfGHAYMRhuGNwYWA8YrBj+GI4Y+BhDGB8YXxi6GMs
YuRhOGHEYjRg/GJ8VGFgYWgsVGFkYmhiyGGIYehgoGLIYwBhVG
K4YoxAYnBiqGK8YWRgqGJ4Y2wQYYxiZGDQYhhiyGFsRGH4KAxh
FGFwYdBiUGCUYjhjlGI0YIRhDGKsY4xj1GGAYZxi9GGsYaRjBG
PMY3AUYtxg+GOwYJBhrGCwYfxjtGNYYQRjSGKEYsRjEGPcYJxj
PBhigGJsY8hjFGOQYfBiKGGoYXhiKGJ0Y1RgrGEYYmxjBGN0Y2
hhjGPkY7hhZGLcYXBisGDcYZRiOGJsSDxgkGNcYkBjIGIoYlBh
sGLEYxhjUChheGPEYvxirCRiUGPQYMBjoGJkYQhgeGJMYLxg8G
M8Y8RitGDwY6BhFGPEYPhhbGGIYJRjIERjKFBiqGFoYgxg+GO8
Y8xiwGJcYuBgdGLkQBRhnGIUY/xh4GHkY8xjtBREYMxj6GC4Yo
Bh9GHYYtRhoGI4Y7BjGGGMY1hg4GCQY1RiIGKkY8hiaGFUYkxj
nERglGNYYMxgfGNQYGxi5GCMYoBilGKwYqhhjGG8Y7BjREhijG
DwYfxj+Ehj+GGkYsREYwBh+GLYYKxjNGN8YVRhFGEoYHxhrGLU
YURjcGCkYWRiyGK0YVhi8GLAYshiCERi/GJgYLRgkGEMYchiXG
DgYoBhHGJYYnBheGCUYXRjrGEAY0Bg6CxiiGPUYPxgpGKMY6Bj
zGLIYRRh5GJ4Yyxi/GLMYJxhDGMgYWBhLGOgYnBioGGgKGOEYe
hj5GB8YXhiQGCkYGhi6GM0YSBjiGIAYfxj9GNkYsxikGMsY+Rj
oGJcYVxhCGDMYXhgtGMgY1AcY7hiSGPoJGH0YQRgmGOIYQhiJG
HAYmBgpGBgY7RcY3xi4GFQY3BgwGKIYxxjWGPAYohhkGLUYIRi
vGJcYsBAYURh0GHcYRRgxGEUBGDIQGOsYqhhbGHcYgxipGJkXG
MADGD0Y3BgsGIwYXxjpGBsYGhgnGKYYjxhmGPQUGP0YXBiTGFQ
YqRilGFYY2RguGB0Y9RiqFRg2GIEYmRj/GEMYuBhbGEwY+BhLG
PEY8BgeGMEY8xiqGJQYKRiVGLIY8RjYCxi8GKkYwRhtGH0PGNg
VCBgwGPAIGBsY/Bj0GNcYlxg4GCwFGPMYlBiMGMAYoxjXBhjUG
FUYNRjUGJYYTBcY6BilGKMYgRgiGPgYOxi4GGQGGKUYrhhfGMs
YeRjjGHMYsAIYhxj1GFgY5hhnGOkYXhjHGCcYpBjMGGMYjg8Yz
xibGK8YJBjKGCIYGxgxGGUPGDAY2hQYSxiVGOILGCkY5hjZGDg
Y+BjmGFwYuRjAFBhcGP4SGF0Y/hhAGD4YuBi2GMoYVhh6GDwYO
BhaGGIYXBh3GOwYPBjCGLgYNhgpGFUYiBjCGLUYfxjzGOwYcBg
6GDcYkBihGIsYXgEYdBihGD0YexgzGKUYxBi6GP0SGEkY6hiXG
L0Y6xhiGPUYqhiyGLgY7xhZGDYYtBcYUxh+Ehi8GE8VGK8YWBi
pGMAYnhifGLgYXQEY1hiEGKEYkxiBGDUYkQcGGC8Ybxj8GPAYJ
xiRGJgYlRi/GMkYjxgvGPYYTwYYdRjyGFUYWxi3GLUYrRh8GDI
YPRgzGO0YTRhGGJoYohhBGLIY4hh2AwgLGDEYlRiWGDgYQhjWG
GEYShhfGPAYURifGLgLGNIYTxiXGKkYnxhXGHsYLBj7GKsYnxh
OGHUYnxj+GIoYwQUYeBipGN0YNhhjFxhAGB4YcxgeGKoYqxj/G
HYYIRjTGGQTGHIYKhinGLAYIBi4GF8Y/QsYiBiUGJ0YTBg3GBs
YOBgYGGIYXgkYvhj9GIcYkhjqGEsYVRieGKIYHxj1GK8YJRg3G
BgYixhSGFsUGJ8YoRiwGNUY4hg+GO0YoRi3GE4Ylhi4GGUY+w0
YaxjgGIcYIBi8GM4YXRiSGDUYURhtGEIYRRiGGP8Y1BjJGK0Yr
Rh8GI4YgBiXGK4YNxjVGFkYlxizGIIYRRiFGNYXGFAYzBhSGOc
Y1AoYsBjWGPYYLBgfGC8YSBhXGMIYhhgmCxiKGIQYuRg6GGUYm
hiWGMsY0xjmGG8YGwIYJRiCGI0YqBgkGKQYmBiYGIcY+xixGIM
Y3xhNGE4YwBjRGEQY+hjjGKgY5Bi2GMQYUBhwGE4YzhhcGO0YZ
Rj5GMsYwwoY4gYY3hgiARh4GMIYWxjSERjRGFoYJxhvGP0YPRj
1GEIYORhtGKAY1BhNGHAYXxhfGJ0YdRhSGP4YuBjDGNAYzhh0G
KAYKhhTGJcYQBicGNYY0BimGBoYKRh3GJEY+BjRGKQYzRhxGIc
Ymhi2GEYYxAQYyxg+GPIYRBjDGIUFGPMYvBMYLRjOGEQYVhhVG
C8YKBjVGBwCGO4YnRhJGPAYnxh1GDAYmxj/GIYY8RjXDhhJGMk
YVxgrGCYY0hQLGDAYuRj0GNgYdhj/GMQYMRgtGMsY1Bj5EhcIG
GQYjBjXGJwBGEUYTxgfEhjDBhjLGPUY/hgjGDsYtBhDGKUYrBh
oGIgY4xiDGJAY8A0YwAMSGCgYpBjEGHAYgRg5GDwYQg0YeRjXB
RUYOBhQGOMY+hjjGOMYzQoYahjiGC0YHhjaGJ4YqBjVDxiCGKc
YLBjbGNcYJBieGDYYZhjNGD8YexiRGNUYPRjpGB0Y1BizGP8YS
RgdGKYYZRjSGNkYuxiAGEgYNhh/GOEQGGMYGBhWGIMYsBiDGFQ
YZhicGEQYoRgYGJwYNBjpGNEYqBjIGCMYmRjTGIoRGPsY2hjaG
DsY/xjHGL0Ytxg1GEgYKxg6GHoY7RioGJUYyBjmGMcYSxj6GGI
Y8Rg0GNwYtxhxGLkYZBhJGM8YYxiGGPgYfRjDGKgYMRgyGD4Yl
Bg+GCQYcg4YZxhyGEcTGFsY/xh0GLoYHhjeGNUYkRh3GCUYUxj
ZGL0YxxhqGJ0YcxhUChj6GKEY7hh1GNwYShhjGIoYkhgsGDkYO
BheGMQYhBIYXhibGNsYpxiDGIIY+BiuGFsY7hjVGMAYpBgeGMo
YyxjxGDQYiBcYyhiMGNgYZxjHDw8Y1Rj0GN8KBxjqGHoYRxMY0
hiQGFkYuxiLGMAYvBhwGPMYpRigGEYYeRiYGC0YtxiSGD8YIBj
DGM4YuBjaBBgyGGQYsBhzGCUGGE4Ymhg3GE4RGNEYJAoYixi8G
JgYoRgrGIkYWBg5GDMYTxifGBwY2RiMGHgYpBicGMwY9hhCGPc
YlBjIBBhTGCoYSRhtABhFGJsYaRjKGI8YiA8YUhjxGG0YkRh6G
MIY4RjhGMMYQxjeGKgY1hiEGJQYfhjBFhjkGOgLDQMYrBQY6hg
rGEgYMRgbGIUY4xjkAhhUGJ4YnBhSGPAYURguGNwY2BitGEIY9
BgjGHgY5BjlFRitGPQYcxjZGGYYSRjhGO0PGNoYwxi3GJ8YRxg
wDxjpGC4YaxgiGDwYuhjbGOYYgBgzGBgYlhhjAxggGFoYWhh3G
OkYOBhKGK8YygYYNhjOGEgYcxiLGB0QGDsMGJMYLhitGIoVGCU
Yyxh2GHYYnRgwGGwYQBj9GKIYNwIYLRhGGHAYghg8GP0OGPEYP
QwY8hi/GLcYYBgrGL0YSRgrGD4YSRj3GNIYwxj1GLsYgBj+GMw
Y6xiVGNMYVgYYIhhCGLwYoRiMGN4YzxipGIsYnBUYbBijBRg1G
P0YpxjoGGQYvBi7GJgYsxiFGMsYwRifGBgYbhivGLsY+hj5GGY
YwBinChi3GNoYNxhhGGcY3xjqGB4YdxjOGOgYmRi2GJ0YShhsG
EYUGOIYsBjyGKMYXRibGOoYjRg3GD0YhxipGOYYWhiDGH0YpBh
/GJ8Y/xj8ARglFxhdGCcY8Ri7GFgYZhh5GGQYrRhmGJYY9Bj2G
C4YJBgkGKwYXRgnGFEYWxhwGOsYrhjYGK0YRREY/BggGOMYsRi
yGO0Y3BiMGFEYGBihGHYY8BIY6hh2GLEEGBsY0xi6GKgYSRhsG
DgYihgpGDAY3xhoBhiKGF0Yfxg8GOUYNAoY9xiEGKkY7BjaGNw
VGEABAgoYQRi6GOgYTxj4GCkYcRjGGI0YyRjRGIAEGFwYewwYP
xi3GJAYVRiTEhgZGDEYHxhuGE0Y7xguGGkYShhkGP4Y0RhfGOA
YWxiNGNsYfRiEGP0YYxjwGCgY2hjZGN0YgREPGJwYuAsYtBgZG
PcYShgwGE4YGxi4GKwYkhizGMcY8hgcGC0YiRiJGMwYHxiCGL0
YrhhsGHsYMRgbGCwYQRg+GDYYfxhCGNYY3Rj2GJ4YgxjfGFwYM
BihGMoYwhiqGKAYaBjhGPoYmRiaGEUYIBjqGOoRGFIYxRg4GLA
Y/RimGD4YVBitGO8YgRhBGFkYYRgdGI0FGGcYghj6GJ0YUhjNG
OMY8BhZFxgwGK0YZRjAGC0Y7wgY3RhpGJYYqhi1GK8YORg+GOo
YhRh+GMEYwhgxGJAY2RjZGFIEGN8XGPIXGMQYdhjoGKQY+hgfG
CQYfBiMGIEYTRiWGOoYoRi+GFYYZRh4GCkWGPsPGPMYKBh6GHc
YXBjMGDEYrBjEGFEYhhhkGC4YhQcQGJQY2xipGE0YcBinGHEYI
RgiGE4YzRhkGCAYahjqGEgYXhiFBBiUGK4YnRjvGEMAGPIY7Bg
qCRjWGM8YQxgeChjsGFwY/hhyGJAYThj3GE0YcBggGFIYQRjuE
Bg4GDcYpRhgGIEYwhj+BRMYhBgcGB4Y9Bg+GI0Y0xhjGEYYpBi
bGHsYGBihGO8YpRjsGDcYQBjEGLMOGGgY9hjkBBQYVxi5GJgYo
RjTGLAYMxhLGPoYxRhVGDUYMhiKGKAYfBIY6RijGB4YjRhgGEQ
YphgaGCcY3RiEGCwYYhi5GDgYdRj/GIQGGGsYQBjEGJgMGJEYj
hjQGB4Y9xjMGKQY6w4Y0BjbGDkYnw8Y7xgwGJMYnAQVGFAY2Ri
7GLEYwhh4GPwYuRijGOwYqBiDGPgYrhjsGM0YXBhRGJoYuhAYr
hjCGEUYkxjuGJcYIBjtGG4Y2RiLGNcYQhjnGG4Y4RhOGF0YeRi
kGNEYoRgzGDAYUgIYRRiLFg0YRRiwGB8YTBghGNMY0hj2GGYYr
QgYlRifGF4YwRhtGHcYWRiRGKAY5hiSGJIYLxiNGC8YWhh/GEs
YiRjwGNkPGJkY4xhCGKAY1xjKGHsYGhilGIQYaBhoABjjGNUYa
hgzGPAYeBg+GFMYeBjQGOIAGNQQGHMY7xg3GMAY5hhkGO8YeBj
kEhjSGPMYtBguGKIYcRiZGFQYgxhwGKMYahjtGJkY6RiBGF8YX
xhlGKQY5hgvGIcY/xgoGHsYzxjAGKgYpQoYahj7GIUXGG0YkRi
MGOYYixEYJBjCGFkQGLkYxBh/ChiGGNcEGM4YThi6GIgYgRhBG
OYYmgIY8hg2GD4YkhYYvhhJGMcYexi7GBkY6xgcGIQY9hhzGMY
YZxh1GPYYLgkYpRjxGGwY1RjeGNUYHBjDGOUYJBiJGJUYkxhDA
RiaGHIYKxgvGHUYaRjUGNkY1hi8GGYYnRjRGPMYGRhcARinGKo
YshjxGEgYNRgiGDIY/xjhGF8YNg0YIxjdBRhtGDUYohhaGIAYY
Bi5GH4YkBgzEQ8YIBhOGMwYxhhQBBjoGJwYjhhmGD4YrRhnGJA
YxhiNCBhTGNICGNMRGPQYxhiRGJgYnhgeGL8YaBj2GKAYfBi8G
FEYbxguGMIYIBiHGC8YUhiLGCwY8xhSGFEYyxhKGMgYyBhOGNk
YRRivGGMYSxhJGL4YpBjfGGEYfBgiGNMYrBiQGBsYlxjLGBkYJ
BjUGLoYxRhuGCwY9RhbGCIYchhhGHsYzhggGD4LGJoYxRgsGH8
YsBjTGFIYLxi7GE8Ybxj9AxioGLQY+xjfGIcVGFMY7wUYaRj1G
P4YbRivGMQYyxjhGHAYwxhBGPYYOBj1GD0YWBhtGNgYphgsGOQ
YIxivGP0YQxjRGBgYYBhkGIIYoBgqGP8Y8gYMGFUYXhhDGC0Y7
hhBGNoYwhgpGC8Y7xiIGMEYhBiSGFAY/RhAGNQYXRg4GJgYWxh
fGF8YbhgnGKMSAhg+GKsYlxjsGCAY5RhEGCgYphhhGIkYchjbG
EwYnA4Yehg4GE4YrRg6GI8DGBkYsBidGLQYohgkGIEYSRi+GHk
YsxiTGO8YfxjdGCEYJBgfGBsY+BhYGGoYrBjHGHYYQhgoGIQDG
LUY2BilBRgsGJUYvxjYGIEYmhjjGMIYWxhZGCcYPRiFGMYJGP0
Y+xjbGOoY2xhZGGQYfhiNGLAYbRifGLUYdxgpGEUYUBjdGEQYR
BgdABi+GIkRGB4Y8RhqGH0Yqhi5BBhIGE8YPRhsGIIYyBjzGDk
Ylw4Y3BjXGL4Y3gwYfhg/GKMYShj1GMkJGP4Y6hhwGEMGGGwYh
Q4Y4xjnGNkYYxh2GN0YKRhzGPIYgxhKGNAY0hg/GD8XGL4YQRh
fBhjRGGMYZRi/GJkYJBhZGPQYPhjSGGUMGNIYtxiuGIEYZhhNG
OEYqRg1GDAYURjGGFcYZRg0GLQBGC4YUhikGJMY9RjBChhVGMg
JGCsY3xgqGCcY7xghGJgY0RgyGFcYWxiRGO8YhBjbGK8YMRhaG
MsYKBgZAxicGB0Y2xhfGH0YmRjAGD4Y1hh9GI4Y4hjZGL4YKgg
YrRhSGGIYyhiAGK0YdhhXFhioGBsY1RhYGIwYwBhcGDQYrhhVG
HoUGBkY5hh5GDcYixiiGE8XGKQYxhh+GI0YGhiHGIUY6AoY4xh
wGN0DGBsYvBUYrRiMGDUYhhghDBjkGMcTGIoY1BjjGI4YGBhRG
FwY2xgzGEsYTRhQGHgYnhi/GNEGGCoYThh7GI8Y8w8YORhGGGs
Y3hjpGPATGFMYvBhEGFQYZBh6GH8YpRi5GMoY4AAAAAAAAAAAA
AAAAAAAAAAAAAQMEhgZGBwYJWtoYXNoX3NoYTI1NpggGEMYMxj
GGDoYuBiqAhi4GGkY6xhoGIYYLRgkGKEY4QIYjRhjGKAYMgMYO
xj4GBoYNRj2GLgY7xjWGJYYnWloYXNoX3NoYTOYIBhDGDMYxhg
6GLgYqgIYuBhpGOsYaBiGGC0YJBihGOECGI0YYxigGDIDGDsY+
BgaGDUY9hi4GO8Y1hiWGJ1ocHJvb2ZfdjK5AAhndmVyc2lvbgJ
lbm9uY2VhMGl0aW1lc3RhbXD7QnmurcWawABkaGFzaJggEBjhG
JkYJBjVGI8YvBhVGLEYVBh8GM8YhxirGBwYiRghGJUYdBhNGFk
YpRg9GJ0YNRjHGPoYqxg7GGUYjhh0amRpZmZpY3VsdHkAb21lb
W9yeV9jb3N0X21pYhBpdGltZV9jb3N0AmtwYXJhbGxlbGlzbQR
xcHJldmlvdXNIYXNoX3NoYTP2aXByb3ZpZGVyc4BnZG5zbGlua
/c=",
  "resolvedBy": "test-bootstrap"
}
ÔØî TEST FAILED: Error: Resolution failed
    at testBootstrapNode (C:\Projects\FRW - Free 
Web Modern\tests\test-bootstrap-local.js:79:13)
    at process.processTicksAndRejections 
(node:internal/process/task_queues:105:5)
Ô£à Test Cleanup Complete
